// Jest Snapshot v1, https://goo.gl/fbAQLP

exports[`renders correctly 1`] = `
Array [
  <Text
    style={
      Object {
        "color": "white",
        "fontSize": 25,
        "paddingBottom": 5,
      }
    }
  >
    test
    :
  </Text>,
  <TextInput
    allowFontScaling={true}
    rejectResponderTermination={true}
    style={
      Object {
        "backgroundColor": "white",
        "borderRadius": 3,
        "marginBottom": 20,
        "padding": 15,
        "width": "80%",
      }
    }
    underlineColorAndroid="transparent"
    value="test2"
  />,
]
`;
